Archive member included to satisfy reference by file (symbol)

/opt/devkitpro/libgba/lib/libgba.a(interrupt.o)
                              main.o (irqInit)
/opt/devkitpro/libgba/lib/libgba.a(InterruptDispatcher.o)
                              /opt/devkitpro/libgba/lib/libgba.a(interrupt.o) (IntrMain)
/opt/devkitpro/devkitARM/lib/gcc/arm-none-eabi/9.1.0/../../../../arm-none-eabi/lib/libg.a(lib_a-init.o)
                              /opt/devkitpro/devkitARM/lib/gcc/arm-none-eabi/9.1.0/../../../../arm-none-eabi/lib/gba_crt0.o (__libc_init_array)
/opt/devkitpro/devkitARM/lib/gcc/arm-none-eabi/9.1.0/../../../../arm-none-eabi/lib/libg.a(lib_a-rand.o)
                              main.o (rand)
/opt/devkitpro/devkitARM/lib/gcc/arm-none-eabi/9.1.0/../../../../arm-none-eabi/lib/libsysbase.a(malloc_vars.o)
                              /opt/devkitpro/devkitARM/lib/gcc/arm-none-eabi/9.1.0/../../../../arm-none-eabi/lib/gba_crt0.o (fake_heap_end)
/opt/devkitpro/devkitARM/lib/gcc/arm-none-eabi/9.1.0/../../../../arm-none-eabi/lib/libsysbase.a(getreent.o)
                              /opt/devkitpro/devkitARM/lib/gcc/arm-none-eabi/9.1.0/../../../../arm-none-eabi/lib/libg.a(lib_a-rand.o) (__getreent)
/opt/devkitpro/devkitARM/lib/gcc/arm-none-eabi/9.1.0/../../../../arm-none-eabi/lib/libsysbase.a(syscall_support.o)
                              /opt/devkitpro/devkitARM/lib/gcc/arm-none-eabi/9.1.0/../../../../arm-none-eabi/lib/libsysbase.a(getreent.o) (__syscalls)
/opt/devkitpro/devkitARM/lib/gcc/arm-none-eabi/9.1.0/../../../../arm-none-eabi/lib/libg.a(lib_a-impure.o)
                              /opt/devkitpro/devkitARM/lib/gcc/arm-none-eabi/9.1.0/../../../../arm-none-eabi/lib/libsysbase.a(getreent.o) (_impure_ptr)

Allocating common symbols
Common symbol       size              file

IntrTable           0x78              /opt/devkitpro/libgba/lib/libgba.a(interrupt.o)
Ball                0x100             main.o

Discarded input sections

 .text          0x0000000000000000        0x0 /opt/devkitpro/devkitARM/lib/gcc/arm-none-eabi/9.1.0/../../../../arm-none-eabi/lib/gba_crt0.o
 .data          0x0000000000000000        0x0 /opt/devkitpro/devkitARM/lib/gcc/arm-none-eabi/9.1.0/../../../../arm-none-eabi/lib/gba_crt0.o
 .bss           0x0000000000000000        0x0 /opt/devkitpro/devkitARM/lib/gcc/arm-none-eabi/9.1.0/../../../../arm-none-eabi/lib/gba_crt0.o
 .text          0x0000000000000000        0x0 /opt/devkitpro/devkitARM/lib/gcc/arm-none-eabi/9.1.0/crti.o
 .data          0x0000000000000000        0x0 /opt/devkitpro/devkitARM/lib/gcc/arm-none-eabi/9.1.0/crti.o
 .bss           0x0000000000000000        0x0 /opt/devkitpro/devkitARM/lib/gcc/arm-none-eabi/9.1.0/crti.o
 .text          0x0000000000000000        0x0 /opt/devkitpro/devkitARM/lib/gcc/arm-none-eabi/9.1.0/crtbegin.o
 .data          0x0000000000000000        0x0 /opt/devkitpro/devkitARM/lib/gcc/arm-none-eabi/9.1.0/crtbegin.o
 .bss           0x0000000000000000        0x0 /opt/devkitpro/devkitARM/lib/gcc/arm-none-eabi/9.1.0/crtbegin.o
 .data.__dso_handle
                0x0000000000000000        0x4 /opt/devkitpro/devkitARM/lib/gcc/arm-none-eabi/9.1.0/crtbegin.o
 .data          0x0000000000000000        0x0 main.o
 .bss           0x0000000000000000        0x0 main.o
 .data          0x0000000000000000        0x0 /opt/devkitpro/libgba/lib/libgba.a(interrupt.o)
 .bss           0x0000000000000000        0x0 /opt/devkitpro/libgba/lib/libgba.a(interrupt.o)
 .text          0x0000000000000000        0x0 /opt/devkitpro/libgba/lib/libgba.a(InterruptDispatcher.o)
 .data          0x0000000000000000        0x0 /opt/devkitpro/libgba/lib/libgba.a(InterruptDispatcher.o)
 .bss           0x0000000000000000        0x0 /opt/devkitpro/libgba/lib/libgba.a(InterruptDispatcher.o)
 .text          0x0000000000000000        0x0 /opt/devkitpro/devkitARM/lib/gcc/arm-none-eabi/9.1.0/../../../../arm-none-eabi/lib/libg.a(lib_a-init.o)
 .data          0x0000000000000000        0x0 /opt/devkitpro/devkitARM/lib/gcc/arm-none-eabi/9.1.0/../../../../arm-none-eabi/lib/libg.a(lib_a-init.o)
 .bss           0x0000000000000000        0x0 /opt/devkitpro/devkitARM/lib/gcc/arm-none-eabi/9.1.0/../../../../arm-none-eabi/lib/libg.a(lib_a-init.o)
 .text          0x0000000000000000        0x0 /opt/devkitpro/devkitARM/lib/gcc/arm-none-eabi/9.1.0/../../../../arm-none-eabi/lib/libg.a(lib_a-rand.o)
 .data          0x0000000000000000        0x0 /opt/devkitpro/devkitARM/lib/gcc/arm-none-eabi/9.1.0/../../../../arm-none-eabi/lib/libg.a(lib_a-rand.o)
 .bss           0x0000000000000000        0x0 /opt/devkitpro/devkitARM/lib/gcc/arm-none-eabi/9.1.0/../../../../arm-none-eabi/lib/libg.a(lib_a-rand.o)
 .text.srand    0x0000000000000000       0x20 /opt/devkitpro/devkitARM/lib/gcc/arm-none-eabi/9.1.0/../../../../arm-none-eabi/lib/libg.a(lib_a-rand.o)
 .text          0x0000000000000000        0x0 /opt/devkitpro/devkitARM/lib/gcc/arm-none-eabi/9.1.0/../../../../arm-none-eabi/lib/libsysbase.a(malloc_vars.o)
 .data          0x0000000000000000        0x0 /opt/devkitpro/devkitARM/lib/gcc/arm-none-eabi/9.1.0/../../../../arm-none-eabi/lib/libsysbase.a(malloc_vars.o)
 .bss           0x0000000000000000        0x0 /opt/devkitpro/devkitARM/lib/gcc/arm-none-eabi/9.1.0/../../../../arm-none-eabi/lib/libsysbase.a(malloc_vars.o)
 .bss.fake_heap_start
                0x0000000000000000        0x4 /opt/devkitpro/devkitARM/lib/gcc/arm-none-eabi/9.1.0/../../../../arm-none-eabi/lib/libsysbase.a(malloc_vars.o)
 .text          0x0000000000000000        0x0 /opt/devkitpro/devkitARM/lib/gcc/arm-none-eabi/9.1.0/../../../../arm-none-eabi/lib/libsysbase.a(getreent.o)
 .data          0x0000000000000000        0x0 /opt/devkitpro/devkitARM/lib/gcc/arm-none-eabi/9.1.0/../../../../arm-none-eabi/lib/libsysbase.a(getreent.o)
 .bss           0x0000000000000000        0x0 /opt/devkitpro/devkitARM/lib/gcc/arm-none-eabi/9.1.0/../../../../arm-none-eabi/lib/libsysbase.a(getreent.o)
 .text          0x0000000000000000        0x0 /opt/devkitpro/devkitARM/lib/gcc/arm-none-eabi/9.1.0/../../../../arm-none-eabi/lib/libsysbase.a(syscall_support.o)
 .data          0x0000000000000000        0x0 /opt/devkitpro/devkitARM/lib/gcc/arm-none-eabi/9.1.0/../../../../arm-none-eabi/lib/libsysbase.a(syscall_support.o)
 .bss           0x0000000000000000        0x0 /opt/devkitpro/devkitARM/lib/gcc/arm-none-eabi/9.1.0/../../../../arm-none-eabi/lib/libsysbase.a(syscall_support.o)
 .text.__libc_lock_init
                0x0000000000000000       0x18 /opt/devkitpro/devkitARM/lib/gcc/arm-none-eabi/9.1.0/../../../../arm-none-eabi/lib/libsysbase.a(syscall_support.o)
 .text.__libc_lock_acquire
                0x0000000000000000       0x18 /opt/devkitpro/devkitARM/lib/gcc/arm-none-eabi/9.1.0/../../../../arm-none-eabi/lib/libsysbase.a(syscall_support.o)
 .text.__libc_lock_try_acquire
                0x0000000000000000       0x20 /opt/devkitpro/devkitARM/lib/gcc/arm-none-eabi/9.1.0/../../../../arm-none-eabi/lib/libsysbase.a(syscall_support.o)
 .text.__libc_lock_release
                0x0000000000000000       0x18 /opt/devkitpro/devkitARM/lib/gcc/arm-none-eabi/9.1.0/../../../../arm-none-eabi/lib/libsysbase.a(syscall_support.o)
 .text.__libc_lock_close
                0x0000000000000000       0x18 /opt/devkitpro/devkitARM/lib/gcc/arm-none-eabi/9.1.0/../../../../arm-none-eabi/lib/libsysbase.a(syscall_support.o)
 .text.__libc_lock_init_recursive
                0x0000000000000000       0x18 /opt/devkitpro/devkitARM/lib/gcc/arm-none-eabi/9.1.0/../../../../arm-none-eabi/lib/libsysbase.a(syscall_support.o)
 .text.__libc_lock_acquire_recursive
                0x0000000000000000       0x18 /opt/devkitpro/devkitARM/lib/gcc/arm-none-eabi/9.1.0/../../../../arm-none-eabi/lib/libsysbase.a(syscall_support.o)
 .text.__libc_lock_try_acquire_recursive
                0x0000000000000000       0x20 /opt/devkitpro/devkitARM/lib/gcc/arm-none-eabi/9.1.0/../../../../arm-none-eabi/lib/libsysbase.a(syscall_support.o)
 .text.__libc_lock_release_recursive
                0x0000000000000000       0x18 /opt/devkitpro/devkitARM/lib/gcc/arm-none-eabi/9.1.0/../../../../arm-none-eabi/lib/libsysbase.a(syscall_support.o)
 .text.__libc_lock_close_recursive
                0x0000000000000000       0x18 /opt/devkitpro/devkitARM/lib/gcc/arm-none-eabi/9.1.0/../../../../arm-none-eabi/lib/libsysbase.a(syscall_support.o)
 .text          0x0000000000000000        0x0 /opt/devkitpro/devkitARM/lib/gcc/arm-none-eabi/9.1.0/../../../../arm-none-eabi/lib/libg.a(lib_a-impure.o)
 .data          0x0000000000000000        0x0 /opt/devkitpro/devkitARM/lib/gcc/arm-none-eabi/9.1.0/../../../../arm-none-eabi/lib/libg.a(lib_a-impure.o)
 .bss           0x0000000000000000        0x0 /opt/devkitpro/devkitARM/lib/gcc/arm-none-eabi/9.1.0/../../../../arm-none-eabi/lib/libg.a(lib_a-impure.o)
 .rodata._global_impure_ptr
                0x0000000000000000        0x4 /opt/devkitpro/devkitARM/lib/gcc/arm-none-eabi/9.1.0/../../../../arm-none-eabi/lib/libg.a(lib_a-impure.o)
 .text          0x0000000000000000        0x0 /opt/devkitpro/devkitARM/lib/gcc/arm-none-eabi/9.1.0/crtend.o
 .data          0x0000000000000000        0x0 /opt/devkitpro/devkitARM/lib/gcc/arm-none-eabi/9.1.0/crtend.o
 .bss           0x0000000000000000        0x0 /opt/devkitpro/devkitARM/lib/gcc/arm-none-eabi/9.1.0/crtend.o
 .text          0x0000000000000000        0x0 /opt/devkitpro/devkitARM/lib/gcc/arm-none-eabi/9.1.0/crtn.o
 .data          0x0000000000000000        0x0 /opt/devkitpro/devkitARM/lib/gcc/arm-none-eabi/9.1.0/crtn.o
 .bss           0x0000000000000000        0x0 /opt/devkitpro/devkitARM/lib/gcc/arm-none-eabi/9.1.0/crtn.o

Memory Configuration

Name             Origin             Length             Attributes
rom              0x0000000008000000 0x0000000002000000
iwram            0x0000000003000000 0x0000000000008000
ewram            0x0000000002000000 0x0000000000040000
*default*        0x0000000000000000 0xffffffffffffffff

Linker script and memory map

                0x0000000008000000                __text_start = ORIGIN (rom)
                0x0000000002040000                __eheap_end = (ORIGIN (ewram) + LENGTH (ewram))
                0x0000000003000000                __iwram_start = ORIGIN (iwram)
                0x0000000003008000                __iwram_top = (ORIGIN (iwram) + LENGTH (iwram))
                0x0000000003007fa0                __sp_irq = (__iwram_top - 0x60)
                0x0000000003007f00                __sp_usr = (__sp_irq - 0xa0)
                0x0000000003007ff8                __irq_flags = 0x3007ff8
                0x0000000008000000                . = __text_start

.crt0           0x0000000008000000      0x210
 *(.crt0)
 .crt0          0x0000000008000000      0x210 /opt/devkitpro/devkitARM/lib/gcc/arm-none-eabi/9.1.0/../../../../arm-none-eabi/lib/gba_crt0.o
                0x0000000008000000                _start
                0x00000000080000c4                __boot_method
                0x00000000080000c5                __slave_number
                0x00000000080000e0                start_vector
                0x0000000008000210                . = ALIGN (0x4)

.init           0x0000000008000210       0x18
 *(SORT_NONE(.init))
 .init          0x0000000008000210        0xc /opt/devkitpro/devkitARM/lib/gcc/arm-none-eabi/9.1.0/crti.o
                0x0000000008000210                _init
 .init          0x000000000800021c        0xc /opt/devkitpro/devkitARM/lib/gcc/arm-none-eabi/9.1.0/crtn.o

.plt            0x0000000008000228        0x0
 *(.plt)
                0x0000000008000228                . = ALIGN (0x4)

.text           0x0000000008000228      0x7d8
 *(EXCLUDE_FILE(*.iwram*) .text*)
 .text.deregister_tm_clones
                0x0000000008000228       0x2c /opt/devkitpro/devkitARM/lib/gcc/arm-none-eabi/9.1.0/crtbegin.o
 .text.register_tm_clones
                0x0000000008000254       0x38 /opt/devkitpro/devkitARM/lib/gcc/arm-none-eabi/9.1.0/crtbegin.o
 .text.__do_global_dtors_aux
                0x000000000800028c       0x44 /opt/devkitpro/devkitARM/lib/gcc/arm-none-eabi/9.1.0/crtbegin.o
 .text.frame_dummy
                0x00000000080002d0       0x34 /opt/devkitpro/devkitARM/lib/gcc/arm-none-eabi/9.1.0/crtbegin.o
 .text          0x0000000008000304       0xa4 main.o
                0x0000000008000304                Paint
 .text.startup  0x00000000080003a8      0x184 main.o
                0x00000000080003a8                main
 .text          0x000000000800052c      0x3b8 /opt/devkitpro/libgba/lib/libgba.a(interrupt.o)
                0x000000000800052c                dummy
                0x0000000008000530                InitInterrupt
                0x000000000800058c                irqInit
                0x00000000080005e8                SetInterrupt
                0x00000000080006cc                irqSet
                0x00000000080007b0                EnableInterrupt
                0x00000000080007fc                irqEnable
                0x000000000800084c                DisableInterrupt
                0x0000000008000898                irqDisable
 .text.__libc_init_array
                0x00000000080008e4       0x88 /opt/devkitpro/devkitARM/lib/gcc/arm-none-eabi/9.1.0/../../../../arm-none-eabi/lib/libg.a(lib_a-init.o)
                0x00000000080008e4                __libc_init_array
 .text.rand     0x000000000800096c       0x4c /opt/devkitpro/devkitARM/lib/gcc/arm-none-eabi/9.1.0/../../../../arm-none-eabi/lib/libg.a(lib_a-rand.o)
                0x000000000800096c                rand
 .text.__getreent
                0x00000000080009b8       0x24 /opt/devkitpro/devkitARM/lib/gcc/arm-none-eabi/9.1.0/../../../../arm-none-eabi/lib/libsysbase.a(getreent.o)
                0x00000000080009b8                __getreent
 *fill*         0x00000000080009dc        0x4 ff
 .text.__getreent.__stub
                0x00000000080009e0       0x18 linker stubs
 *(.gnu.linkonce.t.*)
 *(.text.*personality*)
 *(.gnu.warning)
 *(.glue_7t)
 .glue_7t       0x0000000008000a00        0x0 linker stubs
 *(.glue_7)
 .glue_7        0x0000000008000a00        0x0 linker stubs
 *(.vfp11_veneer)
 .vfp11_veneer  0x0000000008000a00        0x0 linker stubs
                0x0000000008000a00                . = ALIGN (0x4)
                0x0000000008000a00                __text_end = .

.v4_bx          0x0000000008000a00        0x0
 .v4_bx         0x0000000008000a00        0x0 linker stubs

.iplt           0x0000000008000a00        0x0
 .iplt          0x0000000008000a00        0x0 /opt/devkitpro/devkitARM/lib/gcc/arm-none-eabi/9.1.0/../../../../arm-none-eabi/lib/gba_crt0.o

.fini           0x0000000008000a00       0x18
 *(.fini)
 .fini          0x0000000008000a00        0xc /opt/devkitpro/devkitARM/lib/gcc/arm-none-eabi/9.1.0/crti.o
                0x0000000008000a00                _fini
 .fini          0x0000000008000a0c        0xc /opt/devkitpro/devkitARM/lib/gcc/arm-none-eabi/9.1.0/crtn.o
                0x0000000008000a18                . = ALIGN (0x4)

.rodata         0x0000000008000a18        0x0
 *(.rodata)
 *all.rodata*(*)
 *(.roda)
 *(.rodata.*)
 *(.gnu.linkonce.r*)
                0x0000000008000a18                . = ALIGN (0x4)

.ARM.extab
 *(.ARM.extab* .gnu.linkonce.armextab.*)
                0x0000000008000a18                __exidx_start = .

.ARM.exidx
 *(.ARM.exidx* .gnu.linkonce.armexidx.*)
                0x0000000008000a18                __exidx_end = .

.ctors          0x0000000008000a18        0x0
 *crtbegin.o(.ctors)
 *(EXCLUDE_FILE(*crtend.o) .ctors)
 *(SORT_BY_NAME(.ctors.*))
 *(.ctors)
                0x0000000008000a18                . = ALIGN (0x4)

.dtors          0x0000000008000a18        0x0
 *crtbegin.o(.dtors)
 *(EXCLUDE_FILE(*crtend.o) .dtors)
 *(SORT_BY_NAME(.dtors.*))
 *(.dtors)
                0x0000000008000a18                . = ALIGN (0x4)

.eh_frame       0x0000000008000a18        0x4
 *(.eh_frame)
 .eh_frame      0x0000000008000a18        0x0 /opt/devkitpro/devkitARM/lib/gcc/arm-none-eabi/9.1.0/crtbegin.o
 .eh_frame      0x0000000008000a18        0x4 /opt/devkitpro/devkitARM/lib/gcc/arm-none-eabi/9.1.0/crtend.o
                0x0000000008000a1c                . = ALIGN (0x4)

.gcc_except_table
                0x0000000008000a1c        0x0
 *(.gcc_except_table)
                0x0000000008000a1c                . = ALIGN (0x4)
                0x0000000008000a1c                __iwram_lma = .

.iwram          0x0000000003000000       0xb8 load address 0x0000000008000a1c
                0x0000000003000000                __iwram_start__ = ABSOLUTE (.)
 *(.iwram)
 .iwram         0x0000000003000000       0xb8 /opt/devkitpro/libgba/lib/libgba.a(InterruptDispatcher.o)
                0x0000000003000000                IntrMain
 *iwram.*(.text*)
                0x00000000030000b8                . = ALIGN (0x4)
                0x00000000030000b8                __iwram_end__ = ABSOLUTE (.)
                0x0000000008000ad4                __data_lma = (__iwram_lma + SIZEOF (.iwram))

.rel.dyn        0x00000000030000b8        0x0 load address 0x0000000008000ad4
 .rel.iplt      0x00000000030000b8        0x0 /opt/devkitpro/devkitARM/lib/gcc/arm-none-eabi/9.1.0/../../../../arm-none-eabi/lib/gba_crt0.o

.bss            0x00000000030000b8      0x1e0
                0x00000000030000b8                __bss_start = ABSOLUTE (.)
                0x00000000030000b8                __bss_start__ = ABSOLUTE (.)
 *(.dynbss)
 *(.gnu.linkonce.b*)
 *(.bss*)
 .bss.completed.9071
                0x00000000030000b8        0x1 /opt/devkitpro/devkitARM/lib/gcc/arm-none-eabi/9.1.0/crtbegin.o
 *fill*         0x00000000030000b9        0x3 
 .bss.object.9076
                0x00000000030000bc       0x18 /opt/devkitpro/devkitARM/lib/gcc/arm-none-eabi/9.1.0/crtbegin.o
 .bss.fake_heap_end
                0x00000000030000d4        0x4 /opt/devkitpro/devkitARM/lib/gcc/arm-none-eabi/9.1.0/../../../../arm-none-eabi/lib/libsysbase.a(malloc_vars.o)
                0x00000000030000d4                fake_heap_end
 .bss.__syscalls
                0x00000000030000d8       0x48 /opt/devkitpro/devkitARM/lib/gcc/arm-none-eabi/9.1.0/../../../../arm-none-eabi/lib/libsysbase.a(syscall_support.o)
                0x00000000030000d8                __syscalls
 *(COMMON)
 COMMON         0x0000000003000120      0x100 main.o
                0x0000000003000120                Ball
 COMMON         0x0000000003000220       0x78 /opt/devkitpro/libgba/lib/libgba.a(interrupt.o)
                0x0000000003000220                IntrTable
                0x0000000003000298                . = ALIGN (0x4)
                0x0000000003000298                __bss_end__ = ABSOLUTE (.)

.data           0x0000000003000298      0x468 load address 0x0000000008000ad4
                0x0000000003000298                __data_start__ = ABSOLUTE (.)
 *(.data)
 *(.data.*)
 .data._impure_ptr
                0x0000000003000298        0x4 /opt/devkitpro/devkitARM/lib/gcc/arm-none-eabi/9.1.0/../../../../arm-none-eabi/lib/libg.a(lib_a-impure.o)
                0x0000000003000298                _impure_ptr
 *fill*         0x000000000300029c        0x4 ff
 .data.impure_data
                0x00000000030002a0      0x460 /opt/devkitpro/devkitARM/lib/gcc/arm-none-eabi/9.1.0/../../../../arm-none-eabi/lib/libg.a(lib_a-impure.o)
 *(.gnu.linkonce.d*)
                0x0000000003000700                . = ALIGN (0x4)
                0x0000000008000f3c                __preinit_lma = (__data_lma + SIZEOF (.data))

.igot.plt       0x0000000003000700        0x0 load address 0x0000000008000f3c
 .igot.plt      0x0000000003000700        0x0 /opt/devkitpro/devkitARM/lib/gcc/arm-none-eabi/9.1.0/../../../../arm-none-eabi/lib/gba_crt0.o

.tm_clone_table
                0x0000000003000700        0x0 load address 0x0000000008000f3c
 .tm_clone_table
                0x0000000003000700        0x0 /opt/devkitpro/devkitARM/lib/gcc/arm-none-eabi/9.1.0/crtbegin.o
 .tm_clone_table
                0x0000000003000700        0x0 /opt/devkitpro/devkitARM/lib/gcc/arm-none-eabi/9.1.0/crtend.o

.preinit_array  0x0000000003000700        0x0 load address 0x0000000008000f3c
                0x0000000003000700                __preinit_array_start = ABSOLUTE (.)
 *(.preinit_array)
                0x0000000003000700                __preinit_array_end = ABSOLUTE (.)
                0x0000000008000f3c                __init_lma = (__preinit_lma + SIZEOF (.preinit_array))

.init_array     0x0000000003000700        0x4 load address 0x0000000008000f3c
                0x0000000003000700                __init_array_start = ABSOLUTE (.)
 *(SORT_BY_NAME(.init_array.*))
 *(.init_array)
 .init_array    0x0000000003000700        0x4 /opt/devkitpro/devkitARM/lib/gcc/arm-none-eabi/9.1.0/crtbegin.o
                0x0000000003000704                __init_array_end = ABSOLUTE (.)
                0x0000000008000f40                __fini_lma = (__init_lma + SIZEOF (.init_array))

.fini_array     0x0000000003000704        0x4 load address 0x0000000008000f40
                0x0000000003000704                __fini_array_start = ABSOLUTE (.)
 *(SORT_BY_NAME(.fini_array.*))
 *(.fini_array)
 .fini_array    0x0000000003000704        0x4 /opt/devkitpro/devkitARM/lib/gcc/arm-none-eabi/9.1.0/crtbegin.o
                0x0000000003000708                __fini_array_end = ABSOLUTE (.)
                0x0000000008000f44                __jcr_lma = (__fini_lma + SIZEOF (.fini_array))

.jcr            0x0000000003000708        0x0 load address 0x0000000008000f44
 *(.jcr)
                0x0000000003000708                __data_end__ = ABSOLUTE (.)
                0x0000000008000f44                __iwram_overlay_lma = (__jcr_lma + SIZEOF (.jcr))
                0x0000000003000708                __iwram_overlay_start = .

.iwram0         0x0000000003000708        0x0 load address 0x0000000008000f44
 *(.iwram0)
                0x0000000003000708                . = ALIGN (0x4)
                0x0000000008000f44                PROVIDE (__load_start_iwram0 = LOADADDR (.iwram0))
                0x0000000008000f44                PROVIDE (__load_stop_iwram0 = (LOADADDR (.iwram0) + SIZEOF (.iwram0)))

.iwram1         0x0000000003000708        0x0
 *(.iwram1)
                0x0000000003000708                . = ALIGN (0x4)
                [!provide]                        PROVIDE (__load_start_iwram1 = LOADADDR (.iwram1))
                [!provide]                        PROVIDE (__load_stop_iwram1 = (LOADADDR (.iwram1) + SIZEOF (.iwram1)))

.iwram2         0x0000000003000708        0x0
 *(.iwram2)
                0x0000000003000708                . = ALIGN (0x4)
                [!provide]                        PROVIDE (__load_start_iwram2 = LOADADDR (.iwram2))
                [!provide]                        PROVIDE (__load_stop_iwram2 = (LOADADDR (.iwram2) + SIZEOF (.iwram2)))

.iwram3         0x0000000003000708        0x0
 *(.iwram3)
                0x0000000003000708                . = ALIGN (0x4)
                [!provide]                        PROVIDE (__load_start_iwram3 = LOADADDR (.iwram3))
                [!provide]                        PROVIDE (__load_stop_iwram3 = (LOADADDR (.iwram3) + SIZEOF (.iwram3)))

.iwram4         0x0000000003000708        0x0
 *(.iwram4)
                0x0000000003000708                . = ALIGN (0x4)
                [!provide]                        PROVIDE (__load_start_iwram4 = LOADADDR (.iwram4))
                [!provide]                        PROVIDE (__load_stop_iwram4 = (LOADADDR (.iwram4) + SIZEOF (.iwram4)))

.iwram5         0x0000000003000708        0x0
 *(.iwram5)
                0x0000000003000708                . = ALIGN (0x4)
                [!provide]                        PROVIDE (__load_start_iwram5 = LOADADDR (.iwram5))
                [!provide]                        PROVIDE (__load_stop_iwram5 = (LOADADDR (.iwram5) + SIZEOF (.iwram5)))

.iwram6         0x0000000003000708        0x0
 *(.iwram6)
                0x0000000003000708                . = ALIGN (0x4)
                [!provide]                        PROVIDE (__load_start_iwram6 = LOADADDR (.iwram6))
                [!provide]                        PROVIDE (__load_stop_iwram6 = (LOADADDR (.iwram6) + SIZEOF (.iwram6)))

.iwram7         0x0000000003000708        0x0
 *(.iwram7)
                0x0000000003000708                . = ALIGN (0x4)
                [!provide]                        PROVIDE (__load_start_iwram7 = LOADADDR (.iwram7))
                [!provide]                        PROVIDE (__load_stop_iwram7 = (LOADADDR (.iwram7) + SIZEOF (.iwram7)))

.iwram8         0x0000000003000708        0x0
 *(.iwram8)
                0x0000000003000708                . = ALIGN (0x4)
                [!provide]                        PROVIDE (__load_start_iwram8 = LOADADDR (.iwram8))
                [!provide]                        PROVIDE (__load_stop_iwram8 = (LOADADDR (.iwram8) + SIZEOF (.iwram8)))

.iwram9         0x0000000003000708        0x0
 *(.iwram9)
                0x0000000003000708                . = ALIGN (0x4)
                [!provide]                        PROVIDE (__load_start_iwram9 = LOADADDR (.iwram9))
                [!provide]                        PROVIDE (__load_stop_iwram9 = (LOADADDR (.iwram9) + SIZEOF (.iwram9)))
                0x0000000003000708                __iwram_overlay_end = .
                0x0000000008000f44                __ewram_lma = (__iwram_overlay_lma + (__iwram_overlay_end - __iwram_overlay_start))
                0x0000000003000708                __iheap_start = .
                0x0000000002000000                __ewram_start = ORIGIN (ewram)

.ewram          0x0000000002000000        0x0 load address 0x0000000008000f44
 *(.ewram)
                0x0000000002000000                . = ALIGN (0x4)
                0x0000000002000000                __ewram_end = ABSOLUTE (.)
                0x0000000008000f44                __pad_lma = (__ewram_lma + SIZEOF (.ewram))

.sbss           0x0000000002000000        0x0
                0x0000000002000000                __sbss_start__ = ABSOLUTE (.)
 *(.sbss)
                0x0000000002000000                . = ALIGN (0x4)
                0x0000000002000000                __sbss_end__ = ABSOLUTE (.)
                0x0000000002000000                __end__ = ABSOLUTE (.)
                0x0000000002000000                __eheap_start = ABSOLUTE (.)

.pad            0x0000000002000000        0x8 load address 0x0000000008000f44
                0x0000000002000000        0x4 LONG 0x52416b64
                0x0000000002000004        0x4 LONG 0x4d
                0x0000000002000008                . = ALIGN (0x4)
                0x0000000008000f4c                __rom_end__ = (__pad_lma + SIZEOF (.pad))

.stab
 *(.stab)

.stabstr
 *(.stabstr)

.stab.excl
 *(.stab.excl)

.stab.exclstr
 *(.stab.exclstr)

.stab.index
 *(.stab.index)

.stab.indexstr
 *(.stab.indexstr)

.comment        0x0000000000000000       0x44
 *(.comment)
 .comment       0x0000000000000000       0x22 /opt/devkitpro/devkitARM/lib/gcc/arm-none-eabi/9.1.0/crtbegin.o
                                         0x23 (size before relaxing)
 .comment       0x0000000000000022       0x23 main.o
 .comment       0x0000000000000022       0x22 /opt/devkitpro/libgba/lib/libgba.a(interrupt.o)
                                         0x23 (size before relaxing)
 .comment       0x0000000000000044       0x23 /opt/devkitpro/devkitARM/lib/gcc/arm-none-eabi/9.1.0/../../../../arm-none-eabi/lib/libg.a(lib_a-init.o)
 .comment       0x0000000000000044       0x23 /opt/devkitpro/devkitARM/lib/gcc/arm-none-eabi/9.1.0/../../../../arm-none-eabi/lib/libg.a(lib_a-rand.o)
 .comment       0x0000000000000044       0x23 /opt/devkitpro/devkitARM/lib/gcc/arm-none-eabi/9.1.0/../../../../arm-none-eabi/lib/libsysbase.a(malloc_vars.o)
 .comment       0x0000000000000044       0x23 /opt/devkitpro/devkitARM/lib/gcc/arm-none-eabi/9.1.0/../../../../arm-none-eabi/lib/libsysbase.a(getreent.o)
 .comment       0x0000000000000044       0x23 /opt/devkitpro/devkitARM/lib/gcc/arm-none-eabi/9.1.0/../../../../arm-none-eabi/lib/libsysbase.a(syscall_support.o)
 .comment       0x0000000000000044       0x23 /opt/devkitpro/devkitARM/lib/gcc/arm-none-eabi/9.1.0/../../../../arm-none-eabi/lib/libg.a(lib_a-impure.o)
 .comment       0x0000000000000044       0x23 /opt/devkitpro/devkitARM/lib/gcc/arm-none-eabi/9.1.0/crtend.o

.debug
 *(.debug)

.line
 *(.line)

.debug_srcinfo
 *(.debug_srcinfo)

.debug_sfnames
 *(.debug_sfnames)

.debug_aranges  0x0000000000000000       0x68
 *(.debug_aranges)
 .debug_aranges
                0x0000000000000000       0x28 main.o
 .debug_aranges
                0x0000000000000028       0x20 /opt/devkitpro/libgba/lib/libgba.a(interrupt.o)
 .debug_aranges
                0x0000000000000048       0x20 /opt/devkitpro/libgba/lib/libgba.a(InterruptDispatcher.o)

.debug_pubnames
 *(.debug_pubnames)

.debug_info     0x0000000000000000     0x130a
 *(.debug_info)
 .debug_info    0x0000000000000000      0xec9 main.o
 .debug_info    0x0000000000000ec9      0x41b /opt/devkitpro/libgba/lib/libgba.a(interrupt.o)
 .debug_info    0x00000000000012e4       0x26 /opt/devkitpro/libgba/lib/libgba.a(InterruptDispatcher.o)

.debug_abbrev   0x0000000000000000      0x5c0
 *(.debug_abbrev)
 .debug_abbrev  0x0000000000000000      0x3be main.o
 .debug_abbrev  0x00000000000003be      0x1ee /opt/devkitpro/libgba/lib/libgba.a(interrupt.o)
 .debug_abbrev  0x00000000000005ac       0x14 /opt/devkitpro/libgba/lib/libgba.a(InterruptDispatcher.o)

.debug_line     0x0000000000000000      0xaa0
 *(.debug_line)
 .debug_line    0x0000000000000000      0x440 main.o
 .debug_line    0x0000000000000440      0x5ae /opt/devkitpro/libgba/lib/libgba.a(interrupt.o)
 .debug_line    0x00000000000009ee       0xb2 /opt/devkitpro/libgba/lib/libgba.a(InterruptDispatcher.o)

.debug_frame    0x0000000000000000      0x114
 *(.debug_frame)
 .debug_frame   0x0000000000000000       0x64 main.o
 .debug_frame   0x0000000000000064       0xb0 /opt/devkitpro/libgba/lib/libgba.a(interrupt.o)

.debug_str      0x0000000000000000      0x8b1
 *(.debug_str)
 .debug_str     0x0000000000000000      0x6c6 main.o
                                        0x749 (size before relaxing)
 .debug_str     0x00000000000006c6      0x18b /opt/devkitpro/libgba/lib/libgba.a(interrupt.o)
                                        0x310 (size before relaxing)
 .debug_str     0x0000000000000851       0x60 /opt/devkitpro/libgba/lib/libgba.a(InterruptDispatcher.o)
                                         0xa0 (size before relaxing)

.debug_loc      0x0000000000000000      0x9f6
 *(.debug_loc)
 .debug_loc     0x0000000000000000      0x5b0 main.o
 .debug_loc     0x00000000000005b0      0x446 /opt/devkitpro/libgba/lib/libgba.a(interrupt.o)

.debug_macinfo
 *(.debug_macinfo)

.debug_weaknames
 *(.debug_weaknames)

.debug_funcnames
 *(.debug_funcnames)

.debug_typenames
 *(.debug_typenames)

.debug_varnames
 *(.debug_varnames)

.stack          0x0000000000080000        0x0
                0x0000000000080000                _stack = .
 *(.stack)

.note.gnu.arm.ident
 *(.note.gnu.arm.ident)

.ARM.attributes
                0x0000000000000000       0x2c
 *(.ARM.attributes)
 .ARM.attributes
                0x0000000000000000       0x20 /opt/devkitpro/devkitARM/lib/gcc/arm-none-eabi/9.1.0/../../../../arm-none-eabi/lib/gba_crt0.o
 .ARM.attributes
                0x0000000000000020       0x1c /opt/devkitpro/devkitARM/lib/gcc/arm-none-eabi/9.1.0/crti.o
 .ARM.attributes
                0x000000000000003c       0x2a /opt/devkitpro/devkitARM/lib/gcc/arm-none-eabi/9.1.0/crtbegin.o
 .ARM.attributes
                0x0000000000000066       0x26 main.o
 .ARM.attributes
                0x000000000000008c       0x2a /opt/devkitpro/libgba/lib/libgba.a(interrupt.o)
 .ARM.attributes
                0x00000000000000b6       0x1a /opt/devkitpro/libgba/lib/libgba.a(InterruptDispatcher.o)
 .ARM.attributes
                0x00000000000000d0       0x2a /opt/devkitpro/devkitARM/lib/gcc/arm-none-eabi/9.1.0/../../../../arm-none-eabi/lib/libg.a(lib_a-init.o)
 .ARM.attributes
                0x00000000000000fa       0x2a /opt/devkitpro/devkitARM/lib/gcc/arm-none-eabi/9.1.0/../../../../arm-none-eabi/lib/libg.a(lib_a-rand.o)
 .ARM.attributes
                0x0000000000000124       0x30 /opt/devkitpro/devkitARM/lib/gcc/arm-none-eabi/9.1.0/../../../../arm-none-eabi/lib/libsysbase.a(malloc_vars.o)
 .ARM.attributes
                0x0000000000000154       0x2a /opt/devkitpro/devkitARM/lib/gcc/arm-none-eabi/9.1.0/../../../../arm-none-eabi/lib/libsysbase.a(getreent.o)
 .ARM.attributes
                0x000000000000017e       0x2a /opt/devkitpro/devkitARM/lib/gcc/arm-none-eabi/9.1.0/../../../../arm-none-eabi/lib/libsysbase.a(syscall_support.o)
 .ARM.attributes
                0x00000000000001a8       0x30 /opt/devkitpro/devkitARM/lib/gcc/arm-none-eabi/9.1.0/../../../../arm-none-eabi/lib/libg.a(lib_a-impure.o)
 .ARM.attributes
                0x00000000000001d8       0x30 /opt/devkitpro/devkitARM/lib/gcc/arm-none-eabi/9.1.0/crtend.o
 .ARM.attributes
                0x0000000000000208       0x1c /opt/devkitpro/devkitARM/lib/gcc/arm-none-eabi/9.1.0/crtn.o

/DISCARD/
 *(.note.GNU-stack)
LOAD /opt/devkitpro/devkitARM/lib/gcc/arm-none-eabi/9.1.0/../../../../arm-none-eabi/lib/gba_crt0.o
LOAD /opt/devkitpro/devkitARM/lib/gcc/arm-none-eabi/9.1.0/crti.o
LOAD /opt/devkitpro/devkitARM/lib/gcc/arm-none-eabi/9.1.0/crtbegin.o
LOAD main.o
LOAD /opt/devkitpro/libgba/lib/libgba.a
START GROUP
LOAD /opt/devkitpro/devkitARM/lib/gcc/arm-none-eabi/9.1.0/libgcc.a
LOAD /opt/devkitpro/devkitARM/lib/gcc/arm-none-eabi/9.1.0/../../../../arm-none-eabi/lib/libg.a
LOAD /opt/devkitpro/devkitARM/lib/gcc/arm-none-eabi/9.1.0/../../../../arm-none-eabi/lib/libc.a
LOAD /opt/devkitpro/devkitARM/lib/gcc/arm-none-eabi/9.1.0/../../../../arm-none-eabi/lib/libsysbase.a
END GROUP
LOAD /opt/devkitpro/devkitARM/lib/gcc/arm-none-eabi/9.1.0/crtend.o
LOAD /opt/devkitpro/devkitARM/lib/gcc/arm-none-eabi/9.1.0/crtn.o
OUTPUT(/home/esat/Desktop/23-01/code/bitfields/bitfields.elf elf32-littlearm)

.debug_ranges   0x0000000000000000       0xd0
 .debug_ranges  0x0000000000000000       0x60 main.o
 .debug_ranges  0x0000000000000060       0x70 /opt/devkitpro/libgba/lib/libgba.a(interrupt.o)
